// Jest Snapshot v1, https://goo.gl/fbAQLP

exports[`NewBoxForm Component matches snapshot 1`] = `
<DocumentFragment>
  <form>
    <label
      for="width"
    >
      Box Width (in pixels):
    </label>
    <input
      id="width"
      name="width"
      type="number"
      value=""
    />
    <label
      for="height"
    >
      Box Height (in pixels):
    </label>
    <input
      id="height"
      name="height"
      type="number"
      value=""
    />
    <label
      for="boxBackgroundColor"
    >
      Box Background Color(css color name):
    </label>
    <input
      id="boxBackgroundColor"
      name="boxBackgroundColor"
      type="text"
      value=""
    />
    <button>
      Create Box
    </button>
  </form>
</DocumentFragment>
`;
